d:\study\coursework\coursework 1\game\game\x64\debug\vc143.pdb
d:\study\coursework\coursework 1\game\game\x64\debug\vc143.idb
d:\study\coursework\coursework 1\game\game\x64\debug\map.obj
d:\study\coursework\coursework 1\game\game\x64\debug\main.obj
d:\study\coursework\coursework 1\game\game\x64\debug\player.obj
d:\study\coursework\coursework 1\game\game\x64\debug\game.ilk
d:\study\coursework\coursework 1\game\x64\debug\game.pdb
d:\study\coursework\coursework 1\game\game\x64\debug\game.tlog\cl.command.1.tlog
d:\study\coursework\coursework 1\game\game\x64\debug\game.tlog\cl.items.tlog
d:\study\coursework\coursework 1\game\game\x64\debug\game.tlog\cl.read.1.tlog
d:\study\coursework\coursework 1\game\game\x64\debug\game.tlog\cl.write.1.tlog
d:\study\coursework\coursework 1\game\game\x64\debug\game.tlog\link.2744-cvtres.read.1.tlog
d:\study\coursework\coursework 1\game\game\x64\debug\game.tlog\link.2744-cvtres.write.1.tlog
d:\study\coursework\coursework 1\game\game\x64\debug\game.tlog\link.2744-rc.read.1.tlog
d:\study\coursework\coursework 1\game\game\x64\debug\game.tlog\link.2744-rc.write.1.tlog
d:\study\coursework\coursework 1\game\game\x64\debug\game.tlog\link.2744.read.1.tlog
d:\study\coursework\coursework 1\game\game\x64\debug\game.tlog\link.2744.read.2.tlog
d:\study\coursework\coursework 1\game\game\x64\debug\game.tlog\link.2744.write.1.tlog
d:\study\coursework\coursework 1\game\game\x64\debug\game.tlog\link.command.1.tlog
d:\study\coursework\coursework 1\game\game\x64\debug\game.tlog\link.read.1.tlog
d:\study\coursework\coursework 1\game\game\x64\debug\game.tlog\link.secondary.1.tlog
d:\study\coursework\coursework 1\game\game\x64\debug\game.tlog\link.write.1.tlog
